test succeeded
test 2 succeeded